TU-154M РЕЙС1289 09.3
Boeing737 FLIGHT123 10.0
AirbusA320 РЕЙС 12.0
IL-96 РЕЙС1234567890 07.0
Super Jet РЕЙС15 03.0
MC21 РЕЙСА12 05.0
AN-24 РЕЙС25 21.0
Yak40 РЕЙС30 9..5